2026-09-24 21:29:56,033 - __main__ - INFO - Bot muvaffaqiyatli ishga tushdi va handlerlar ulandi...
2026-09-24 21:29:56,034 - aiogram.dispatcher - INFO - Start polling
2026-09-24 21:29:56,734 - aiogram.dispatcher - INFO - Run polling for bot @menu_zar_ovqat_bot id=8955137302 - 'menu_zar_ovqatbot'
2026-09-24 21:29:56,905 - aiogram.event - INFO - Update id=650376514 is not handled. Duration 15 ms by bot id=8955137302
2026-09-24 21:32:02,704 - aiogram.event - INFO - Update id=650376515 is handled. Duration 8562 ms by bot id=8955137302
2026-09-24 21:32:06,742 - aiogram.event - INFO - Update id=650376516 is handled. Duration 358 ms by bot id=8955137302
2026-09-24 21:32:14,607 - aiogram.event - INFO - Update id=650376517 is handled. Duration 4094 ms by bot id=8955137302
2026-09-24 21:33:05,844 - __main__ - ERROR - Kutilmagan xatolik yuz berdi: Telegram server says - Bad Request: query is too old and response timeout expired or query ID is invalid
Traceback (most recent call last):
  File "C:\Users\MSI\Desktop\Projects\Delivery-bot\venv\Lib\site-packages\aiogram\dispatcher\middlewares\error.py", line 27, in __call__
    return await handler(event, data)
           ^^^^^^^^^^^^^^^^^^^^^^^^^^
  File "C:\Users\MSI\Desktop\Projects\Delivery-bot\venv\Lib\site-packages\aiogram\dispatcher\middlewares\user_context.py", line 58, in __call__
    return await handler(event, data)
           ^^^^^^^^^^^^^^^^^^^^^^^^^^
  File "C:\Users\MSI\Desktop\Projects\Delivery-bot\venv\Lib\site-packages\aiogram\fsm\middleware.py", line 43, in __call__
    return await handler(event, data)
           ^^^^^^^^^^^^^^^^^^^^^^^^^^
  File "C:\Users\MSI\Desktop\Projects\Delivery-bot\venv\Lib\site-packages\aiogram\dispatcher\event\telegram.py", line 126, in trigger
    return await wrapped_inner(event, kwargs)
           ^^^^^^^^^^^^^^^^^^^^^^^^^^^^^^^^^^
  File "C:\Users\MSI\Desktop\Projects\Delivery-bot\venv\Lib\site-packages\aiogram\dispatcher\event\handler.py", line 71, in call
    return await wrapped()
           ^^^^^^^^^^^^^^^
  File "C:\Users\MSI\Desktop\Projects\Delivery-bot\venv\Lib\site-packages\aiogram\dispatcher\dispatcher.py", line 284, in _listen_update
    return await self.propagate_event(update_type=update_type, event=event, **kwargs)
           ^^^^^^^^^^^^^^^^^^^^^^^^^^^^^^^^^^^^^^^^^^^^^^^^^^^^^^^^^^^^^^^^^^^^^^^^^^
  File "C:\Users\MSI\Desktop\Projects\Delivery-bot\venv\Lib\site-packages\aiogram\dispatcher\router.py", line 172, in propagate_event
    return await observer.wrap_outer_middleware(_wrapped, event=event, data=kwargs)
           ^^^^^^^^^^^^^^^^^^^^^^^^^^^^^^^^^^^^^^^^^^^^^^^^^^^^^^^^^^^^^^^^^^^^^^^^
  File "C:\Users\MSI\Desktop\Projects\Delivery-bot\venv\Lib\site-packages\aiogram\dispatcher\router.py", line 164, in _wrapped
    return await self._propagate_event(
           ^^^^^^^^^^^^^^^^^^^^^^^^^^^^
  File "C:\Users\MSI\Desktop\Projects\Delivery-bot\venv\Lib\site-packages\aiogram\dispatcher\router.py", line 200, in _propagate_event
    response = await router.propagate_event(update_type=update_type, event=event, **kwargs)
               ^^^^^^^^^^^^^^^^^^^^^^^^^^^^^^^^^^^^^^^^^^^^^^^^^^^^^^^^^^^^^^^^^^^^^^^^^^^^
  File "C:\Users\MSI\Desktop\Projects\Delivery-bot\venv\Lib\site-packages\aiogram\dispatcher\router.py", line 172, in propagate_event
    return await observer.wrap_outer_middleware(_wrapped, event=event, data=kwargs)
           ^^^^^^^^^^^^^^^^^^^^^^^^^^^^^^^^^^^^^^^^^^^^^^^^^^^^^^^^^^^^^^^^^^^^^^^^
  File "C:\Users\MSI\Desktop\Projects\Delivery-bot\venv\Lib\site-packages\aiogram\dispatcher\router.py", line 164, in _wrapped
    return await self._propagate_event(
           ^^^^^^^^^^^^^^^^^^^^^^^^^^^^
  File "C:\Users\MSI\Desktop\Projects\Delivery-bot\venv\Lib\site-packages\aiogram\dispatcher\router.py", line 200, in _propagate_event
    response = await router.propagate_event(update_type=update_type, event=event, **kwargs)
               ^^^^^^^^^^^^^^^^^^^^^^^^^^^^^^^^^^^^^^^^^^^^^^^^^^^^^^^^^^^^^^^^^^^^^^^^^^^^
  File "C:\Users\MSI\Desktop\Projects\Delivery-bot\venv\Lib\site-packages\aiogram\dispatcher\router.py", line 172, in propagate_event
    return await observer.wrap_outer_middleware(_wrapped, event=event, data=kwargs)
           ^^^^^^^^^^^^^^^^^^^^^^^^^^^^^^^^^^^^^^^^^^^^^^^^^^^^^^^^^^^^^^^^^^^^^^^^
  File "C:\Users\MSI\Desktop\Projects\Delivery-bot\venv\Lib\site-packages\aiogram\dispatcher\router.py", line 164, in _wrapped
    return await self._propagate_event(
           ^^^^^^^^^^^^^^^^^^^^^^^^^^^^
  File "C:\Users\MSI\Desktop\Projects\Delivery-bot\venv\Lib\site-packages\aiogram\dispatcher\router.py", line 192, in _propagate_event
    response = await observer.trigger(event, **kwargs)
               ^^^^^^^^^^^^^^^^^^^^^^^^^^^^^^^^^^^^^^^
  File "C:\Users\MSI\Desktop\Projects\Delivery-bot\venv\Lib\site-packages\aiogram\dispatcher\event\telegram.py", line 126, in trigger
    return await wrapped_inner(event, kwargs)
           ^^^^^^^^^^^^^^^^^^^^^^^^^^^^^^^^^^
  File "C:\Users\MSI\Desktop\Projects\Delivery-bot\bot\middlewares\throttling.py", line 43, in __call__
    return await handler(event, data)
           ^^^^^^^^^^^^^^^^^^^^^^^^^^
  File "C:\Users\MSI\Desktop\Projects\Delivery-bot\venv\Lib\site-packages\aiogram\dispatcher\event\handler.py", line 71, in call
    return await wrapped()
           ^^^^^^^^^^^^^^^
  File "C:\Users\MSI\Desktop\Projects\Delivery-bot\bot\handlers\customer\catalog.py", line 227, in show_menu_items
    await callback.answer()
  File "C:\Users\MSI\Desktop\Projects\Delivery-bot\venv\Lib\site-packages\aiogram\methods\base.py", line 82, in emit
    return await bot(self)
           ^^^^^^^^^^^^^^^
  File "C:\Users\MSI\Desktop\Projects\Delivery-bot\venv\Lib\site-packages\aiogram\client\bot.py", line 515, in __call__
    return await self.session(self, method, timeout=request_timeout)
           ^^^^^^^^^^^^^^^^^^^^^^^^^^^^^^^^^^^^^^^^^^^^^^^^^^^^^^^^^
  File "C:\Users\MSI\Desktop\Projects\Delivery-bot\venv\Lib\site-packages\aiogram\client\session\base.py", line 259, in __call__
    return cast(TelegramType, await middleware(bot, method))
                              ^^^^^^^^^^^^^^^^^^^^^^^^^^^^^
  File "C:\Users\MSI\Desktop\Projects\Delivery-bot\venv\Lib\site-packages\aiogram\client\session\aiohttp.py", line 177, in make_request
    response = self.check_response(
               ^^^^^^^^^^^^^^^^^^^^
  File "C:\Users\MSI\Desktop\Projects\Delivery-bot\venv\Lib\site-packages\aiogram\client\session\base.py", line 121, in check_response
    raise TelegramBadRequest(method=method, message=description)
aiogram.exceptions.TelegramBadRequest: Telegram server says - Bad Request: query is too old and response timeout expired or query ID is invalid
2026-09-24 21:33:05,973 - aiogram.event - INFO - Update id=650376518 is handled. Duration 21312 ms by bot id=8955137302
2026-09-24 21:33:21,616 - aiogram.event - INFO - Update id=650376519 is handled. Duration 9546 ms by bot id=8955137302
2026-09-24 21:33:42,959 - aiogram.event - INFO - Update id=650376520 is handled. Duration 22000 ms by bot id=8955137302
2026-09-24 21:34:32,983 - __main__ - ERROR - Kutilmagan xatolik yuz berdi: Telegram server says - Bad Request: query is too old and response timeout expired or query ID is invalid
Traceback (most recent call last):
  File "C:\Users\MSI\Desktop\Projects\Delivery-bot\venv\Lib\site-packages\aiogram\dispatcher\middlewares\error.py", line 27, in __call__
    return await handler(event, data)
           ^^^^^^^^^^^^^^^^^^^^^^^^^^
  File "C:\Users\MSI\Desktop\Projects\Delivery-bot\venv\Lib\site-packages\aiogram\dispatcher\middlewares\user_context.py", line 58, in __call__
    return await handler(event, data)
           ^^^^^^^^^^^^^^^^^^^^^^^^^^
  File "C:\Users\MSI\Desktop\Projects\Delivery-bot\venv\Lib\site-packages\aiogram\fsm\middleware.py", line 43, in __call__
    return await handler(event, data)
           ^^^^^^^^^^^^^^^^^^^^^^^^^^
  File "C:\Users\MSI\Desktop\Projects\Delivery-bot\venv\Lib\site-packages\aiogram\dispatcher\event\telegram.py", line 126, in trigger
    return await wrapped_inner(event, kwargs)
           ^^^^^^^^^^^^^^^^^^^^^^^^^^^^^^^^^^
  File "C:\Users\MSI\Desktop\Projects\Delivery-bot\venv\Lib\site-packages\aiogram\dispatcher\event\handler.py", line 71, in call
    return await wrapped()
           ^^^^^^^^^^^^^^^
  File "C:\Users\MSI\Desktop\Projects\Delivery-bot\venv\Lib\site-packages\aiogram\dispatcher\dispatcher.py", line 284, in _listen_update
    return await self.propagate_event(update_type=update_type, event=event, **kwargs)
           ^^^^^^^^^^^^^^^^^^^^^^^^^^^^^^^^^^^^^^^^^^^^^^^^^^^^^^^^^^^^^^^^^^^^^^^^^^
  File "C:\Users\MSI\Desktop\Projects\Delivery-bot\venv\Lib\site-packages\aiogram\dispatcher\router.py", line 172, in propagate_event
    return await observer.wrap_outer_middleware(_wrapped, event=event, data=kwargs)
           ^^^^^^^^^^^^^^^^^^^^^^^^^^^^^^^^^^^^^^^^^^^^^^^^^^^^^^^^^^^^^^^^^^^^^^^^
  File "C:\Users\MSI\Desktop\Projects\Delivery-bot\venv\Lib\site-packages\aiogram\dispatcher\router.py", line 164, in _wrapped
    return await self._propagate_event(
           ^^^^^^^^^^^^^^^^^^^^^^^^^^^^
  File "C:\Users\MSI\Desktop\Projects\Delivery-bot\venv\Lib\site-packages\aiogram\dispatcher\router.py", line 200, in _propagate_event
    response = await router.propagate_event(update_type=update_type, event=event, **kwargs)
               ^^^^^^^^^^^^^^^^^^^^^^^^^^^^^^^^^^^^^^^^^^^^^^^^^^^^^^^^^^^^^^^^^^^^^^^^^^^^
  File "C:\Users\MSI\Desktop\Projects\Delivery-bot\venv\Lib\site-packages\aiogram\dispatcher\router.py", line 172, in propagate_event
    return await observer.wrap_outer_middleware(_wrapped, event=event, data=kwargs)
           ^^^^^^^^^^^^^^^^^^^^^^^^^^^^^^^^^^^^^^^^^^^^^^^^^^^^^^^^^^^^^^^^^^^^^^^^
  File "C:\Users\MSI\Desktop\Projects\Delivery-bot\venv\Lib\site-packages\aiogram\dispatcher\router.py", line 164, in _wrapped
    return await self._propagate_event(
           ^^^^^^^^^^^^^^^^^^^^^^^^^^^^
  File "C:\Users\MSI\Desktop\Projects\Delivery-bot\venv\Lib\site-packages\aiogram\dispatcher\router.py", line 200, in _propagate_event
    response = await router.propagate_event(update_type=update_type, event=event, **kwargs)
               ^^^^^^^^^^^^^^^^^^^^^^^^^^^^^^^^^^^^^^^^^^^^^^^^^^^^^^^^^^^^^^^^^^^^^^^^^^^^
  File "C:\Users\MSI\Desktop\Projects\Delivery-bot\venv\Lib\site-packages\aiogram\dispatcher\router.py", line 172, in propagate_event
    return await observer.wrap_outer_middleware(_wrapped, event=event, data=kwargs)
           ^^^^^^^^^^^^^^^^^^^^^^^^^^^^^^^^^^^^^^^^^^^^^^^^^^^^^^^^^^^^^^^^^^^^^^^^
  File "C:\Users\MSI\Desktop\Projects\Delivery-bot\venv\Lib\site-packages\aiogram\dispatcher\router.py", line 164, in _wrapped
    return await self._propagate_event(
           ^^^^^^^^^^^^^^^^^^^^^^^^^^^^
  File "C:\Users\MSI\Desktop\Projects\Delivery-bot\venv\Lib\site-packages\aiogram\dispatcher\router.py", line 192, in _propagate_event
    response = await observer.trigger(event, **kwargs)
               ^^^^^^^^^^^^^^^^^^^^^^^^^^^^^^^^^^^^^^^
  File "C:\Users\MSI\Desktop\Projects\Delivery-bot\venv\Lib\site-packages\aiogram\dispatcher\event\telegram.py", line 126, in trigger
    return await wrapped_inner(event, kwargs)
           ^^^^^^^^^^^^^^^^^^^^^^^^^^^^^^^^^^
  File "C:\Users\MSI\Desktop\Projects\Delivery-bot\bot\middlewares\throttling.py", line 43, in __call__
    return await handler(event, data)
           ^^^^^^^^^^^^^^^^^^^^^^^^^^
  File "C:\Users\MSI\Desktop\Projects\Delivery-bot\venv\Lib\site-packages\aiogram\dispatcher\event\handler.py", line 71, in call
    return await wrapped()
           ^^^^^^^^^^^^^^^
  File "C:\Users\MSI\Desktop\Projects\Delivery-bot\bot\handlers\customer\catalog.py", line 71, in show_categories
    await callback.answer()
  File "C:\Users\MSI\Desktop\Projects\Delivery-bot\venv\Lib\site-packages\aiogram\methods\base.py", line 82, in emit
    return await bot(self)
           ^^^^^^^^^^^^^^^
  File "C:\Users\MSI\Desktop\Projects\Delivery-bot\venv\Lib\site-packages\aiogram\client\bot.py", line 515, in __call__
    return await self.session(self, method, timeout=request_timeout)
           ^^^^^^^^^^^^^^^^^^^^^^^^^^^^^^^^^^^^^^^^^^^^^^^^^^^^^^^^^
  File "C:\Users\MSI\Desktop\Projects\Delivery-bot\venv\Lib\site-packages\aiogram\client\session\base.py", line 259, in __call__
    return cast(TelegramType, await middleware(bot, method))
                              ^^^^^^^^^^^^^^^^^^^^^^^^^^^^^
  File "C:\Users\MSI\Desktop\Projects\Delivery-bot\venv\Lib\site-packages\aiogram\client\session\aiohttp.py", line 177, in make_request
    response = self.check_response(
               ^^^^^^^^^^^^^^^^^^^^
  File "C:\Users\MSI\Desktop\Projects\Delivery-bot\venv\Lib\site-packages\aiogram\client\session\base.py", line 121, in check_response
    raise TelegramBadRequest(method=method, message=description)
aiogram.exceptions.TelegramBadRequest: Telegram server says - Bad Request: query is too old and response timeout expired or query ID is invalid
2026-09-24 21:34:32,991 - aiogram.event - INFO - Update id=650376521 is handled. Duration 23203 ms by bot id=8955137302
2026-09-24 21:35:22,989 - __main__ - ERROR - Kutilmagan xatolik yuz berdi: Telegram server says - Bad Request: query is too old and response timeout expired or query ID is invalid
Traceback (most recent call last):
  File "C:\Users\MSI\Desktop\Projects\Delivery-bot\venv\Lib\site-packages\aiogram\dispatcher\middlewares\error.py", line 27, in __call__
    return await handler(event, data)
           ^^^^^^^^^^^^^^^^^^^^^^^^^^
  File "C:\Users\MSI\Desktop\Projects\Delivery-bot\venv\Lib\site-packages\aiogram\dispatcher\middlewares\user_context.py", line 58, in __call__
    return await handler(event, data)
           ^^^^^^^^^^^^^^^^^^^^^^^^^^
  File "C:\Users\MSI\Desktop\Projects\Delivery-bot\venv\Lib\site-packages\aiogram\fsm\middleware.py", line 43, in __call__
    return await handler(event, data)
           ^^^^^^^^^^^^^^^^^^^^^^^^^^
  File "C:\Users\MSI\Desktop\Projects\Delivery-bot\venv\Lib\site-packages\aiogram\dispatcher\event\telegram.py", line 126, in trigger
    return await wrapped_inner(event, kwargs)
           ^^^^^^^^^^^^^^^^^^^^^^^^^^^^^^^^^^
  File "C:\Users\MSI\Desktop\Projects\Delivery-bot\venv\Lib\site-packages\aiogram\dispatcher\event\handler.py", line 71, in call
    return await wrapped()
           ^^^^^^^^^^^^^^^
  File "C:\Users\MSI\Desktop\Projects\Delivery-bot\venv\Lib\site-packages\aiogram\dispatcher\dispatcher.py", line 284, in _listen_update
    return await self.propagate_event(update_type=update_type, event=event, **kwargs)
           ^^^^^^^^^^^^^^^^^^^^^^^^^^^^^^^^^^^^^^^^^^^^^^^^^^^^^^^^^^^^^^^^^^^^^^^^^^
  File "C:\Users\MSI\Desktop\Projects\Delivery-bot\venv\Lib\site-packages\aiogram\dispatcher\router.py", line 172, in propagate_event
    return await observer.wrap_outer_middleware(_wrapped, event=event, data=kwargs)
           ^^^^^^^^^^^^^^^^^^^^^^^^^^^^^^^^^^^^^^^^^^^^^^^^^^^^^^^^^^^^^^^^^^^^^^^^
  File "C:\Users\MSI\Desktop\Projects\Delivery-bot\venv\Lib\site-packages\aiogram\dispatcher\router.py", line 164, in _wrapped
    return await self._propagate_event(
           ^^^^^^^^^^^^^^^^^^^^^^^^^^^^
  File "C:\Users\MSI\Desktop\Projects\Delivery-bot\venv\Lib\site-packages\aiogram\dispatcher\router.py", line 200, in _propagate_event
    response = await router.propagate_event(update_type=update_type, event=event, **kwargs)
               ^^^^^^^^^^^^^^^^^^^^^^^^^^^^^^^^^^^^^^^^^^^^^^^^^^^^^^^^^^^^^^^^^^^^^^^^^^^^
  File "C:\Users\MSI\Desktop\Projects\Delivery-bot\venv\Lib\site-packages\aiogram\dispatcher\router.py", line 172, in propagate_event
    return await observer.wrap_outer_middleware(_wrapped, event=event, data=kwargs)
           ^^^^^^^^^^^^^^^^^^^^^^^^^^^^^^^^^^^^^^^^^^^^^^^^^^^^^^^^^^^^^^^^^^^^^^^^
  File "C:\Users\MSI\Desktop\Projects\Delivery-bot\venv\Lib\site-packages\aiogram\dispatcher\router.py", line 164, in _wrapped
    return await self._propagate_event(
           ^^^^^^^^^^^^^^^^^^^^^^^^^^^^
  File "C:\Users\MSI\Desktop\Projects\Delivery-bot\venv\Lib\site-packages\aiogram\dispatcher\router.py", line 200, in _propagate_event
    response = await router.propagate_event(update_type=update_type, event=event, **kwargs)
               ^^^^^^^^^^^^^^^^^^^^^^^^^^^^^^^^^^^^^^^^^^^^^^^^^^^^^^^^^^^^^^^^^^^^^^^^^^^^
  File "C:\Users\MSI\Desktop\Projects\Delivery-bot\venv\Lib\site-packages\aiogram\dispatcher\router.py", line 172, in propagate_event
    return await observer.wrap_outer_middleware(_wrapped, event=event, data=kwargs)
           ^^^^^^^^^^^^^^^^^^^^^^^^^^^^^^^^^^^^^^^^^^^^^^^^^^^^^^^^^^^^^^^^^^^^^^^^
  File "C:\Users\MSI\Desktop\Projects\Delivery-bot\venv\Lib\site-packages\aiogram\dispatcher\router.py", line 164, in _wrapped
    return await self._propagate_event(
           ^^^^^^^^^^^^^^^^^^^^^^^^^^^^
  File "C:\Users\MSI\Desktop\Projects\Delivery-bot\venv\Lib\site-packages\aiogram\dispatcher\router.py", line 192, in _propagate_event
    response = await observer.trigger(event, **kwargs)
               ^^^^^^^^^^^^^^^^^^^^^^^^^^^^^^^^^^^^^^^
  File "C:\Users\MSI\Desktop\Projects\Delivery-bot\venv\Lib\site-packages\aiogram\dispatcher\event\telegram.py", line 126, in trigger
    return await wrapped_inner(event, kwargs)
           ^^^^^^^^^^^^^^^^^^^^^^^^^^^^^^^^^^
  File "C:\Users\MSI\Desktop\Projects\Delivery-bot\bot\middlewares\throttling.py", line 43, in __call__
    return await handler(event, data)
           ^^^^^^^^^^^^^^^^^^^^^^^^^^
  File "C:\Users\MSI\Desktop\Projects\Delivery-bot\venv\Lib\site-packages\aiogram\dispatcher\event\handler.py", line 71, in call
    return await wrapped()
           ^^^^^^^^^^^^^^^
  File "C:\Users\MSI\Desktop\Projects\Delivery-bot\bot\handlers\customer\catalog.py", line 227, in show_menu_items
    await callback.answer()
  File "C:\Users\MSI\Desktop\Projects\Delivery-bot\venv\Lib\site-packages\aiogram\methods\base.py", line 82, in emit
    return await bot(self)
           ^^^^^^^^^^^^^^^
  File "C:\Users\MSI\Desktop\Projects\Delivery-bot\venv\Lib\site-packages\aiogram\client\bot.py", line 515, in __call__
    return await self.session(self, method, timeout=request_timeout)
           ^^^^^^^^^^^^^^^^^^^^^^^^^^^^^^^^^^^^^^^^^^^^^^^^^^^^^^^^^
  File "C:\Users\MSI\Desktop\Projects\Delivery-bot\venv\Lib\site-packages\aiogram\client\session\base.py", line 259, in __call__
    return cast(TelegramType, await middleware(bot, method))
                              ^^^^^^^^^^^^^^^^^^^^^^^^^^^^^
  File "C:\Users\MSI\Desktop\Projects\Delivery-bot\venv\Lib\site-packages\aiogram\client\session\aiohttp.py", line 177, in make_request
    response = self.check_response(
               ^^^^^^^^^^^^^^^^^^^^
  File "C:\Users\MSI\Desktop\Projects\Delivery-bot\venv\Lib\site-packages\aiogram\client\session\base.py", line 121, in check_response
    raise TelegramBadRequest(method=method, message=description)
aiogram.exceptions.TelegramBadRequest: Telegram server says - Bad Request: query is too old and response timeout expired or query ID is invalid
2026-09-24 21:35:22,994 - aiogram.event - INFO - Update id=650376522 is handled. Duration 11969 ms by bot id=8955137302
2026-09-24 21:36:13,775 - __main__ - ERROR - Kutilmagan xatolik yuz berdi: Telegram server says - Bad Request: query is too old and response timeout expired or query ID is invalid
Traceback (most recent call last):
  File "C:\Users\MSI\Desktop\Projects\Delivery-bot\venv\Lib\site-packages\aiogram\dispatcher\middlewares\error.py", line 27, in __call__
    return await handler(event, data)
           ^^^^^^^^^^^^^^^^^^^^^^^^^^
  File "C:\Users\MSI\Desktop\Projects\Delivery-bot\venv\Lib\site-packages\aiogram\dispatcher\middlewares\user_context.py", line 58, in __call__
    return await handler(event, data)
           ^^^^^^^^^^^^^^^^^^^^^^^^^^
  File "C:\Users\MSI\Desktop\Projects\Delivery-bot\venv\Lib\site-packages\aiogram\fsm\middleware.py", line 43, in __call__
    return await handler(event, data)
           ^^^^^^^^^^^^^^^^^^^^^^^^^^
  File "C:\Users\MSI\Desktop\Projects\Delivery-bot\venv\Lib\site-packages\aiogram\dispatcher\event\telegram.py", line 126, in trigger
    return await wrapped_inner(event, kwargs)
           ^^^^^^^^^^^^^^^^^^^^^^^^^^^^^^^^^^
  File "C:\Users\MSI\Desktop\Projects\Delivery-bot\venv\Lib\site-packages\aiogram\dispatcher\event\handler.py", line 71, in call
    return await wrapped()
           ^^^^^^^^^^^^^^^
  File "C:\Users\MSI\Desktop\Projects\Delivery-bot\venv\Lib\site-packages\aiogram\dispatcher\dispatcher.py", line 284, in _listen_update
    return await self.propagate_event(update_type=update_type, event=event, **kwargs)
           ^^^^^^^^^^^^^^^^^^^^^^^^^^^^^^^^^^^^^^^^^^^^^^^^^^^^^^^^^^^^^^^^^^^^^^^^^^
  File "C:\Users\MSI\Desktop\Projects\Delivery-bot\venv\Lib\site-packages\aiogram\dispatcher\router.py", line 172, in propagate_event
    return await observer.wrap_outer_middleware(_wrapped, event=event, data=kwargs)
           ^^^^^^^^^^^^^^^^^^^^^^^^^^^^^^^^^^^^^^^^^^^^^^^^^^^^^^^^^^^^^^^^^^^^^^^^
  File "C:\Users\MSI\Desktop\Projects\Delivery-bot\venv\Lib\site-packages\aiogram\dispatcher\router.py", line 164, in _wrapped
    return await self._propagate_event(
           ^^^^^^^^^^^^^^^^^^^^^^^^^^^^
  File "C:\Users\MSI\Desktop\Projects\Delivery-bot\venv\Lib\site-packages\aiogram\dispatcher\router.py", line 200, in _propagate_event
    response = await router.propagate_event(update_type=update_type, event=event, **kwargs)
               ^^^^^^^^^^^^^^^^^^^^^^^^^^^^^^^^^^^^^^^^^^^^^^^^^^^^^^^^^^^^^^^^^^^^^^^^^^^^
  File "C:\Users\MSI\Desktop\Projects\Delivery-bot\venv\Lib\site-packages\aiogram\dispatcher\router.py", line 172, in propagate_event
    return await observer.wrap_outer_middleware(_wrapped, event=event, data=kwargs)
           ^^^^^^^^^^^^^^^^^^^^^^^^^^^^^^^^^^^^^^^^^^^^^^^^^^^^^^^^^^^^^^^^^^^^^^^^
  File "C:\Users\MSI\Desktop\Projects\Delivery-bot\venv\Lib\site-packages\aiogram\dispatcher\router.py", line 164, in _wrapped
    return await self._propagate_event(
           ^^^^^^^^^^^^^^^^^^^^^^^^^^^^
  File "C:\Users\MSI\Desktop\Projects\Delivery-bot\venv\Lib\site-packages\aiogram\dispatcher\router.py", line 200, in _propagate_event
    response = await router.propagate_event(update_type=update_type, event=event, **kwargs)
               ^^^^^^^^^^^^^^^^^^^^^^^^^^^^^^^^^^^^^^^^^^^^^^^^^^^^^^^^^^^^^^^^^^^^^^^^^^^^
  File "C:\Users\MSI\Desktop\Projects\Delivery-bot\venv\Lib\site-packages\aiogram\dispatcher\router.py", line 172, in propagate_event
    return await observer.wrap_outer_middleware(_wrapped, event=event, data=kwargs)
           ^^^^^^^^^^^^^^^^^^^^^^^^^^^^^^^^^^^^^^^^^^^^^^^^^^^^^^^^^^^^^^^^^^^^^^^^
  File "C:\Users\MSI\Desktop\Projects\Delivery-bot\venv\Lib\site-packages\aiogram\dispatcher\router.py", line 164, in _wrapped
    return await self._propagate_event(
           ^^^^^^^^^^^^^^^^^^^^^^^^^^^^
  File "C:\Users\MSI\Desktop\Projects\Delivery-bot\venv\Lib\site-packages\aiogram\dispatcher\router.py", line 192, in _propagate_event
    response = await observer.trigger(event, **kwargs)
               ^^^^^^^^^^^^^^^^^^^^^^^^^^^^^^^^^^^^^^^
  File "C:\Users\MSI\Desktop\Projects\Delivery-bot\venv\Lib\site-packages\aiogram\dispatcher\event\telegram.py", line 126, in trigger
    return await wrapped_inner(event, kwargs)
           ^^^^^^^^^^^^^^^^^^^^^^^^^^^^^^^^^^
  File "C:\Users\MSI\Desktop\Projects\Delivery-bot\bot\middlewares\throttling.py", line 43, in __call__
    return await handler(event, data)
           ^^^^^^^^^^^^^^^^^^^^^^^^^^
  File "C:\Users\MSI\Desktop\Projects\Delivery-bot\venv\Lib\site-packages\aiogram\dispatcher\event\handler.py", line 71, in call
    return await wrapped()
           ^^^^^^^^^^^^^^^
  File "C:\Users\MSI\Desktop\Projects\Delivery-bot\bot\handlers\customer\cart.py", line 53, in add_to_cart_handler
    await callback.answer(f"✅ {item.name} savatga qo'shildi!")
  File "C:\Users\MSI\Desktop\Projects\Delivery-bot\venv\Lib\site-packages\aiogram\methods\base.py", line 82, in emit
    return await bot(self)
           ^^^^^^^^^^^^^^^
  File "C:\Users\MSI\Desktop\Projects\Delivery-bot\venv\Lib\site-packages\aiogram\client\bot.py", line 515, in __call__
    return await self.session(self, method, timeout=request_timeout)
           ^^^^^^^^^^^^^^^^^^^^^^^^^^^^^^^^^^^^^^^^^^^^^^^^^^^^^^^^^
  File "C:\Users\MSI\Desktop\Projects\Delivery-bot\venv\Lib\site-packages\aiogram\client\session\base.py", line 259, in __call__
    return cast(TelegramType, await middleware(bot, method))
                              ^^^^^^^^^^^^^^^^^^^^^^^^^^^^^
  File "C:\Users\MSI\Desktop\Projects\Delivery-bot\venv\Lib\site-packages\aiogram\client\session\aiohttp.py", line 177, in make_request
    response = self.check_response(
               ^^^^^^^^^^^^^^^^^^^^
  File "C:\Users\MSI\Desktop\Projects\Delivery-bot\venv\Lib\site-packages\aiogram\client\session\base.py", line 121, in check_response
    raise TelegramBadRequest(method=method, message=description)
aiogram.exceptions.TelegramBadRequest: Telegram server says - Bad Request: query is too old and response timeout expired or query ID is invalid
2026-09-24 21:36:13,787 - aiogram.event - INFO - Update id=650376523 is handled. Duration 3750 ms by bot id=8955137302
2026-09-24 21:37:26,729 - aiogram.event - INFO - Update id=650376524 is handled. Duration 14483 ms by bot id=8955137302
2026-09-24 21:37:45,537 - aiogram.event - INFO - Update id=650376525 is handled. Duration 3469 ms by bot id=8955137302
2026-09-24 21:37:59,413 - aiogram.event - INFO - Update id=650376526 is handled. Duration 3953 ms by bot id=8955137302
2026-09-24 21:38:06,737 - aiogram.event - INFO - Update id=650376527 is handled. Duration 5921 ms by bot id=8955137302
2026-09-24 21:38:10,389 - aiogram.event - INFO - Update id=650376528 is handled. Duration 608 ms by bot id=8955137302
2026-09-24 21:38:17,240 - aiogram.event - INFO - Update id=650376529 is handled. Duration 1781 ms by bot id=8955137302
2026-09-24 21:38:26,502 - aiogram.event - INFO - Update id=650376530 is handled. Duration 6078 ms by bot id=8955137302
2026-09-24 21:38:31,794 - aiogram.event - INFO - Update id=650376531 is handled. Duration 2671 ms by bot id=8955137302
2026-09-24 21:38:40,191 - aiogram.event - INFO - Update id=650376532 is handled. Duration 5015 ms by bot id=8955137302
2026-09-24 21:38:48,720 - aiogram.event - INFO - Update id=650376533 is handled. Duration 7483 ms by bot id=8955137302
2026-09-24 21:39:23,257 - aiogram.event - INFO - Update id=650376534 is handled. Duration 15625 ms by bot id=8955137302
2026-09-24 21:40:09,852 - aiogram.event - INFO - Update id=650376535 is handled. Duration 15703 ms by bot id=8955137302
2026-09-24 21:42:26,267 - __main__ - ERROR - Kutilmagan xatolik yuz berdi: Telegram server says - Bad Request: query is too old and response timeout expired or query ID is invalid
Traceback (most recent call last):
  File "C:\Users\MSI\Desktop\Projects\Delivery-bot\venv\Lib\site-packages\aiogram\dispatcher\middlewares\error.py", line 27, in __call__
    return await handler(event, data)
           ^^^^^^^^^^^^^^^^^^^^^^^^^^
  File "C:\Users\MSI\Desktop\Projects\Delivery-bot\venv\Lib\site-packages\aiogram\dispatcher\middlewares\user_context.py", line 58, in __call__
    return await handler(event, data)
           ^^^^^^^^^^^^^^^^^^^^^^^^^^
  File "C:\Users\MSI\Desktop\Projects\Delivery-bot\venv\Lib\site-packages\aiogram\fsm\middleware.py", line 43, in __call__
    return await handler(event, data)
           ^^^^^^^^^^^^^^^^^^^^^^^^^^
  File "C:\Users\MSI\Desktop\Projects\Delivery-bot\venv\Lib\site-packages\aiogram\dispatcher\event\telegram.py", line 126, in trigger
    return await wrapped_inner(event, kwargs)
           ^^^^^^^^^^^^^^^^^^^^^^^^^^^^^^^^^^
  File "C:\Users\MSI\Desktop\Projects\Delivery-bot\venv\Lib\site-packages\aiogram\dispatcher\event\handler.py", line 71, in call
    return await wrapped()
           ^^^^^^^^^^^^^^^
  File "C:\Users\MSI\Desktop\Projects\Delivery-bot\venv\Lib\site-packages\aiogram\dispatcher\dispatcher.py", line 284, in _listen_update
    return await self.propagate_event(update_type=update_type, event=event, **kwargs)
           ^^^^^^^^^^^^^^^^^^^^^^^^^^^^^^^^^^^^^^^^^^^^^^^^^^^^^^^^^^^^^^^^^^^^^^^^^^
  File "C:\Users\MSI\Desktop\Projects\Delivery-bot\venv\Lib\site-packages\aiogram\dispatcher\router.py", line 172, in propagate_event
    return await observer.wrap_outer_middleware(_wrapped, event=event, data=kwargs)
           ^^^^^^^^^^^^^^^^^^^^^^^^^^^^^^^^^^^^^^^^^^^^^^^^^^^^^^^^^^^^^^^^^^^^^^^^
  File "C:\Users\MSI\Desktop\Projects\Delivery-bot\venv\Lib\site-packages\aiogram\dispatcher\router.py", line 164, in _wrapped
    return await self._propagate_event(
           ^^^^^^^^^^^^^^^^^^^^^^^^^^^^
  File "C:\Users\MSI\Desktop\Projects\Delivery-bot\venv\Lib\site-packages\aiogram\dispatcher\router.py", line 200, in _propagate_event
    response = await router.propagate_event(update_type=update_type, event=event, **kwargs)
               ^^^^^^^^^^^^^^^^^^^^^^^^^^^^^^^^^^^^^^^^^^^^^^^^^^^^^^^^^^^^^^^^^^^^^^^^^^^^
  File "C:\Users\MSI\Desktop\Projects\Delivery-bot\venv\Lib\site-packages\aiogram\dispatcher\router.py", line 172, in propagate_event
    return await observer.wrap_outer_middleware(_wrapped, event=event, data=kwargs)
           ^^^^^^^^^^^^^^^^^^^^^^^^^^^^^^^^^^^^^^^^^^^^^^^^^^^^^^^^^^^^^^^^^^^^^^^^
  File "C:\Users\MSI\Desktop\Projects\Delivery-bot\venv\Lib\site-packages\aiogram\dispatcher\router.py", line 164, in _wrapped
    return await self._propagate_event(
           ^^^^^^^^^^^^^^^^^^^^^^^^^^^^
  File "C:\Users\MSI\Desktop\Projects\Delivery-bot\venv\Lib\site-packages\aiogram\dispatcher\router.py", line 200, in _propagate_event
    response = await router.propagate_event(update_type=update_type, event=event, **kwargs)
               ^^^^^^^^^^^^^^^^^^^^^^^^^^^^^^^^^^^^^^^^^^^^^^^^^^^^^^^^^^^^^^^^^^^^^^^^^^^^
  File "C:\Users\MSI\Desktop\Projects\Delivery-bot\venv\Lib\site-packages\aiogram\dispatcher\router.py", line 172, in propagate_event
    return await observer.wrap_outer_middleware(_wrapped, event=event, data=kwargs)
           ^^^^^^^^^^^^^^^^^^^^^^^^^^^^^^^^^^^^^^^^^^^^^^^^^^^^^^^^^^^^^^^^^^^^^^^^
  File "C:\Users\MSI\Desktop\Projects\Delivery-bot\venv\Lib\site-packages\aiogram\dispatcher\router.py", line 164, in _wrapped
    return await self._propagate_event(
           ^^^^^^^^^^^^^^^^^^^^^^^^^^^^
  File "C:\Users\MSI\Desktop\Projects\Delivery-bot\venv\Lib\site-packages\aiogram\dispatcher\router.py", line 192, in _propagate_event
    response = await observer.trigger(event, **kwargs)
               ^^^^^^^^^^^^^^^^^^^^^^^^^^^^^^^^^^^^^^^
  File "C:\Users\MSI\Desktop\Projects\Delivery-bot\venv\Lib\site-packages\aiogram\dispatcher\event\telegram.py", line 126, in trigger
    return await wrapped_inner(event, kwargs)
           ^^^^^^^^^^^^^^^^^^^^^^^^^^^^^^^^^^
  File "C:\Users\MSI\Desktop\Projects\Delivery-bot\bot\middlewares\throttling.py", line 43, in __call__
    return await handler(event, data)
           ^^^^^^^^^^^^^^^^^^^^^^^^^^
  File "C:\Users\MSI\Desktop\Projects\Delivery-bot\venv\Lib\site-packages\aiogram\dispatcher\event\handler.py", line 71, in call
    return await wrapped()
           ^^^^^^^^^^^^^^^
  File "C:\Users\MSI\Desktop\Projects\Delivery-bot\bot\handlers\restaurant\accept.py", line 140, in confirm_payment
    await callback.answer("To'lov tasdiqlandi!")
  File "C:\Users\MSI\Desktop\Projects\Delivery-bot\venv\Lib\site-packages\aiogram\methods\base.py", line 82, in emit
    return await bot(self)
           ^^^^^^^^^^^^^^^
  File "C:\Users\MSI\Desktop\Projects\Delivery-bot\venv\Lib\site-packages\aiogram\client\bot.py", line 515, in __call__
    return await self.session(self, method, timeout=request_timeout)
           ^^^^^^^^^^^^^^^^^^^^^^^^^^^^^^^^^^^^^^^^^^^^^^^^^^^^^^^^^
  File "C:\Users\MSI\Desktop\Projects\Delivery-bot\venv\Lib\site-packages\aiogram\client\session\base.py", line 259, in __call__
    return cast(TelegramType, await middleware(bot, method))
                              ^^^^^^^^^^^^^^^^^^^^^^^^^^^^^
  File "C:\Users\MSI\Desktop\Projects\Delivery-bot\venv\Lib\site-packages\aiogram\client\session\aiohttp.py", line 177, in make_request
    response = self.check_response(
               ^^^^^^^^^^^^^^^^^^^^
  File "C:\Users\MSI\Desktop\Projects\Delivery-bot\venv\Lib\site-packages\aiogram\client\session\base.py", line 121, in check_response
    raise TelegramBadRequest(method=method, message=description)
aiogram.exceptions.TelegramBadRequest: Telegram server says - Bad Request: query is too old and response timeout expired or query ID is invalid
2026-09-24 21:42:26,285 - aiogram.event - INFO - Update id=650376536 is handled. Duration 24905 ms by bot id=8955137302
2026-09-24 21:42:55,947 - aiogram.event - INFO - Update id=650376537 is handled. Duration 4859 ms by bot id=8955137302
2026-09-24 21:43:04,999 - aiogram.event - INFO - Update id=650376538 is handled. Duration 6266 ms by bot id=8955137302
2026-09-24 21:43:13,582 - aiogram.event - INFO - Update id=650376539 is handled. Duration 10265 ms by bot id=8955137302
2026-09-24 21:54:08,898 - aiogram.dispatcher - ERROR - Failed to fetch updates - TelegramNetworkError: HTTP Client says - Request timeout error
2026-09-24 21:54:08,902 - aiogram.dispatcher - WARNING - Sleep for 1.000000 seconds and try again... (tryings = 0, bot id = 8955137302)
2026-09-24 21:54:21,284 - aiogram.dispatcher - INFO - Connection established (tryings = 1, bot id = 8955137302)
2026-09-26 16:29:03,969 - __main__ - INFO - Bot muvaffaqiyatli ishga tushdi va handlerlar ulandi...
2026-09-26 16:29:03,970 - aiogram.dispatcher - INFO - Start polling
2026-09-26 16:29:04,567 - aiogram.dispatcher - INFO - Run polling for bot @menu_zar_ovqat_bot id=8955137302 - 'menu_zar_ovqatbot'
2026-09-26 16:30:26,709 - __main__ - ERROR - Kutilmagan xatolik yuz berdi: Error 22 connecting to localhost:6379. Удаленный компьютер отклонил это сетевое подключение.
Traceback (most recent call last):
  File "C:\Users\MSI\Desktop\Projects\Delivery-bot\venv\Lib\site-packages\redis\asyncio\connection.py", line 850, in connect_check_health
    await self._connect()
  File "C:\Users\MSI\Desktop\Projects\Delivery-bot\venv\Lib\site-packages\redis\asyncio\connection.py", line 1487, in _connect
    reader, writer = await asyncio.open_connection(
                     ^^^^^^^^^^^^^^^^^^^^^^^^^^^^^^
  File "C:\Users\MSI\AppData\Local\Programs\Python\Python311\Lib\asyncio\streams.py", line 48, in open_connection
    transport, _ = await loop.create_connection(
                   ^^^^^^^^^^^^^^^^^^^^^^^^^^^^^
  File "C:\Users\MSI\AppData\Local\Programs\Python\Python311\Lib\asyncio\base_events.py", line 1090, in create_connection
    raise exceptions[0]
  File "C:\Users\MSI\AppData\Local\Programs\Python\Python311\Lib\asyncio\base_events.py", line 1069, in create_connection
    sock = await self._connect_sock(
           ^^^^^^^^^^^^^^^^^^^^^^^^^
  File "C:\Users\MSI\AppData\Local\Programs\Python\Python311\Lib\asyncio\base_events.py", line 973, in _connect_sock
    await self.sock_connect(sock, address)
  File "C:\Users\MSI\AppData\Local\Programs\Python\Python311\Lib\asyncio\proactor_events.py", line 726, in sock_connect
    return await self._proactor.connect(sock, address)
           ^^^^^^^^^^^^^^^^^^^^^^^^^^^^^^^^^^^^^^^^^^^
  File "C:\Users\MSI\AppData\Local\Programs\Python\Python311\Lib\asyncio\windows_events.py", line 846, in _poll
    value = callback(transferred, key, ov)
            ^^^^^^^^^^^^^^^^^^^^^^^^^^^^^^
  File "C:\Users\MSI\AppData\Local\Programs\Python\Python311\Lib\asyncio\windows_events.py", line 633, in finish_connect
    ov.getresult()
ConnectionRefusedError: [WinError 1225] Удаленный компьютер отклонил это сетевое подключение

During handling of the above exception, another exception occurred:

Traceback (most recent call last):
  File "C:\Users\MSI\Desktop\Projects\Delivery-bot\venv\Lib\site-packages\aiogram\dispatcher\middlewares\error.py", line 27, in __call__
    return await handler(event, data)
           ^^^^^^^^^^^^^^^^^^^^^^^^^^
  File "C:\Users\MSI\Desktop\Projects\Delivery-bot\venv\Lib\site-packages\aiogram\dispatcher\middlewares\user_context.py", line 58, in __call__
    return await handler(event, data)
           ^^^^^^^^^^^^^^^^^^^^^^^^^^
  File "C:\Users\MSI\Desktop\Projects\Delivery-bot\venv\Lib\site-packages\aiogram\fsm\middleware.py", line 42, in __call__
    data.update({"state": context, "raw_state": await context.get_state()})
                                                ^^^^^^^^^^^^^^^^^^^^^^^^^
  File "C:\Users\MSI\Desktop\Projects\Delivery-bot\venv\Lib\site-packages\aiogram\fsm\context.py", line 16, in get_state
    return await self.storage.get_state(key=self.key)
           ^^^^^^^^^^^^^^^^^^^^^^^^^^^^^^^^^^^^^^^^^^
  File "C:\Users\MSI\Desktop\Projects\Delivery-bot\venv\Lib\site-packages\aiogram\fsm\storage\redis.py", line 103, in get_state
    value = await self.redis.get(redis_key)
            ^^^^^^^^^^^^^^^^^^^^^^^^^^^^^^^
  File "C:\Users\MSI\Desktop\Projects\Delivery-bot\venv\Lib\site-packages\redis\asyncio\client.py", line 929, in execute_command
    conn = self.connection or await pool.get_connection()
                              ^^^^^^^^^^^^^^^^^^^^^^^^^^^
  File "C:\Users\MSI\Desktop\Projects\Delivery-bot\venv\Lib\site-packages\redis\utils.py", line 249, in async_wrapper
    return await func(*args, **kwargs)
           ^^^^^^^^^^^^^^^^^^^^^^^^^^^
  File "C:\Users\MSI\Desktop\Projects\Delivery-bot\venv\Lib\site-packages\redis\asyncio\connection.py", line 2824, in get_connection
    await self.ensure_connection(connection)
  File "C:\Users\MSI\Desktop\Projects\Delivery-bot\venv\Lib\site-packages\redis\asyncio\connection.py", line 2865, in ensure_connection
    await connection.connect()
  File "C:\Users\MSI\Desktop\Projects\Delivery-bot\venv\Lib\site-packages\redis\asyncio\connection.py", line 819, in connect
    await self.retry.call_with_retry(
  File "C:\Users\MSI\Desktop\Projects\Delivery-bot\venv\Lib\site-packages\redis\asyncio\retry.py", line 81, in call_with_retry
    raise error
  File "C:\Users\MSI\Desktop\Projects\Delivery-bot\venv\Lib\site-packages\redis\asyncio\retry.py", line 69, in call_with_retry
    return await do()
           ^^^^^^^^^^
  File "C:\Users\MSI\Desktop\Projects\Delivery-bot\venv\Lib\site-packages\redis\asyncio\connection.py", line 876, in connect_check_health
    raise e
redis.exceptions.ConnectionError: Error 22 connecting to localhost:6379. Удаленный компьютер отклонил это сетевое подключение.
2026-09-26 16:30:26,779 - aiogram.event - INFO - Update id=650376540 is handled. Duration 49797 ms by bot id=8955137302
2026-09-26 16:30:36,037 - aiogram.event - INFO - Update id=650376541 is handled. Duration 35985 ms by bot id=8955137302
2026-09-26 16:30:43,727 - aiogram.event - INFO - Update id=650376542 is handled. Duration 202 ms by bot id=8955137302
2026-09-26 16:30:45,084 - aiogram.event - INFO - Update id=650376543 is handled. Duration 171 ms by bot id=8955137302
2026-09-26 16:30:46,960 - aiogram.event - INFO - Update id=650376544 is handled. Duration 437 ms by bot id=8955137302
2026-09-26 16:30:51,518 - aiogram.event - INFO - Update id=650376545 is handled. Duration 1938 ms by bot id=8955137302
2026-09-26 16:30:53,035 - aiogram.event - INFO - Update id=650376546 is handled. Duration 312 ms by bot id=8955137302
2026-09-26 16:31:52,231 - aiogram.event - INFO - Update id=650376547 is handled. Duration 1000 ms by bot id=8955137302
2026-09-26 16:31:56,987 - aiogram.event - INFO - Update id=650376548 is handled. Duration 1186 ms by bot id=8955137302
2026-09-26 16:31:58,867 - aiogram.event - INFO - Update id=650376549 is handled. Duration 422 ms by bot id=8955137302
2026-09-26 16:32:50,972 - aiogram.event - INFO - Update id=650376550 is handled. Duration 577 ms by bot id=8955137302
2026-09-26 16:32:55,106 - aiogram.event - INFO - Update id=650376551 is handled. Duration 640 ms by bot id=8955137302
2026-09-26 16:32:57,066 - aiogram.event - INFO - Update id=650376552 is handled. Duration 608 ms by bot id=8955137302
2026-09-26 16:33:00,942 - aiogram.event - INFO - Update id=650376553 is handled. Duration 171 ms by bot id=8955137302
2026-09-26 16:33:03,679 - aiogram.event - INFO - Update id=650376554 is handled. Duration 186 ms by bot id=8955137302
2026-09-26 16:33:06,423 - aiogram.event - INFO - Update id=650376555 is handled. Duration 766 ms by bot id=8955137302
2026-09-26 16:33:15,284 - aiogram.event - INFO - Update id=650376556 is handled. Duration 608 ms by bot id=8955137302
2026-09-26 16:33:31,478 - aiogram.event - INFO - Update id=650376557 is handled. Duration 406 ms by bot id=8955137302
2026-09-26 16:33:38,261 - aiogram.event - INFO - Update id=650376558 is handled. Duration 609 ms by bot id=8955137302
2026-09-26 16:33:40,059 - aiogram.event - INFO - Update id=650376559 is handled. Duration 702 ms by bot id=8955137302
2026-09-26 16:33:43,055 - aiogram.event - INFO - Update id=650376560 is handled. Duration 702 ms by bot id=8955137302
2026-09-26 16:33:43,541 - aiogram.event - INFO - Update id=650376561 is handled. Duration 203 ms by bot id=8955137302
2026-09-26 16:33:48,312 - aiogram.event - INFO - Update id=650376562 is handled. Duration 670 ms by bot id=8955137302
2026-09-26 16:34:01,126 - aiogram.event - INFO - Update id=650376563 is handled. Duration 188 ms by bot id=8955137302
2026-09-26 16:36:21,553 - aiogram.event - INFO - Update id=650376564 is handled. Duration 170 ms by bot id=8955137302
2026-09-26 16:36:23,187 - aiogram.event - INFO - Update id=650376565 is handled. Duration 405 ms by bot id=8955137302
2026-09-26 16:36:27,855 - aiogram.event - INFO - Update id=650376566 is handled. Duration 3547 ms by bot id=8955137302
2026-09-26 16:36:29,455 - aiogram.event - INFO - Update id=650376567 is handled. Duration 421 ms by bot id=8955137302
2026-09-26 16:36:37,010 - aiogram.event - INFO - Update id=650376568 is handled. Duration 2563 ms by bot id=8955137302
2026-09-26 16:36:39,568 - aiogram.event - INFO - Update id=650376569 is handled. Duration 1030 ms by bot id=8955137302
2026-09-26 16:36:40,903 - aiogram.event - INFO - Update id=650376570 is handled. Duration 453 ms by bot id=8955137302
2026-09-26 16:36:42,129 - aiogram.event - INFO - Update id=650376571 is handled. Duration 516 ms by bot id=8955137302
2026-09-26 16:36:45,814 - aiogram.event - INFO - Update id=650376572 is handled. Duration 592 ms by bot id=8955137302
2026-09-26 16:36:47,773 - aiogram.event - INFO - Update id=650376573 is handled. Duration 531 ms by bot id=8955137302
2026-09-26 16:36:51,147 - aiogram.event - INFO - Update id=650376574 is handled. Duration 203 ms by bot id=8955137302
2026-09-26 16:36:53,921 - aiogram.event - INFO - Update id=650376575 is handled. Duration 188 ms by bot id=8955137302
2026-09-26 16:36:56,259 - aiogram.event - INFO - Update id=650376576 is handled. Duration 922 ms by bot id=8955137302
2026-09-26 16:37:01,587 - aiogram.event - INFO - Update id=650376577 is handled. Duration 407 ms by bot id=8955137302
2026-09-26 16:37:03,325 - aiogram.event - INFO - Update id=650376578 is handled. Duration 452 ms by bot id=8955137302
2026-09-26 16:37:04,042 - aiogram.event - INFO - Update id=650376579 is handled. Duration 250 ms by bot id=8955137302
2026-09-26 16:37:06,925 - aiogram.event - INFO - Update id=650376580 is handled. Duration 719 ms by bot id=8955137302
2026-09-26 16:37:18,164 - aiogram.event - INFO - Update id=650376581 is handled. Duration 797 ms by bot id=8955137302
2026-09-26 16:37:24,587 - aiogram.event - INFO - Update id=650376582 is handled. Duration 375 ms by bot id=8955137302
2026-09-26 16:37:36,928 - aiogram.event - INFO - Update id=650376583 is handled. Duration 186 ms by bot id=8955137302
2026-09-26 16:37:38,298 - aiogram.event - INFO - Update id=650376584 is handled. Duration 344 ms by bot id=8955137302
2026-09-26 16:37:40,598 - aiogram.event - INFO - Update id=650376585 is handled. Duration 1031 ms by bot id=8955137302
2026-09-26 16:37:42,752 - aiogram.event - INFO - Update id=650376586 is handled. Duration 406 ms by bot id=8955137302
2026-09-26 16:42:08,929 - aiogram.event - INFO - Update id=650376587 is handled. Duration 608 ms by bot id=8955137302
2026-09-26 16:42:10,504 - aiogram.event - INFO - Update id=650376588 is handled. Duration 641 ms by bot id=8955137302
2026-09-26 16:42:29,129 - aiogram.event - INFO - Update id=650376589 is handled. Duration 202 ms by bot id=8955137302
2026-09-26 16:47:52,216 - aiogram.event - INFO - Update id=650376590 is handled. Duration 202 ms by bot id=8955137302
2026-09-26 16:47:54,496 - aiogram.event - INFO - Update id=650376591 is handled. Duration 858 ms by bot id=8955137302
2026-09-26 16:47:59,636 - aiogram.event - INFO - Update id=650376592 is handled. Duration 3047 ms by bot id=8955137302
2026-09-26 16:48:03,510 - aiogram.event - INFO - Update id=650376593 is handled. Duration 329 ms by bot id=8955137302
2026-09-26 16:48:06,570 - aiogram.event - INFO - Update id=650376594 is handled. Duration 375 ms by bot id=8955137302
2026-09-26 16:48:20,154 - aiogram.event - INFO - Update id=650376595 is handled. Duration 594 ms by bot id=8955137302
2026-09-26 16:48:21,848 - aiogram.event - INFO - Update id=650376596 is handled. Duration 452 ms by bot id=8955137302
2026-09-26 16:48:26,410 - aiogram.event - INFO - Update id=650376597 is handled. Duration 219 ms by bot id=8955137302
2026-09-26 16:48:28,953 - aiogram.event - INFO - Update id=650376598 is handled. Duration 218 ms by bot id=8955137302
2026-09-26 16:48:31,448 - aiogram.event - INFO - Update id=650376599 is handled. Duration 858 ms by bot id=8955137302
2026-09-26 16:48:42,665 - aiogram.event - INFO - Update id=650376600 is handled. Duration 344 ms by bot id=8955137302
2026-09-26 16:48:46,717 - aiogram.event - INFO - Update id=650376601 is handled. Duration 532 ms by bot id=8955137302
2026-09-26 16:48:55,986 - aiogram.event - INFO - Update id=650376602 is handled. Duration 625 ms by bot id=8955137302
2026-09-26 17:05:52,761 - aiogram.event - INFO - Update id=650376603 is handled. Duration 1000 ms by bot id=8955137302
2026-09-26 17:10:40,377 - aiogram.event - INFO - Update id=650376604 is handled. Duration 172 ms by bot id=8955137302
2026-09-26 17:10:47,684 - aiogram.event - INFO - Update id=650376605 is handled. Duration 186 ms by bot id=8955137302
2026-09-26 17:10:49,478 - aiogram.event - INFO - Update id=650376606 is handled. Duration 358 ms by bot id=8955137302
2026-09-26 17:10:56,638 - aiogram.event - INFO - Update id=650376607 is handled. Duration 5641 ms by bot id=8955137302
2026-09-26 17:10:58,057 - aiogram.event - INFO - Update id=650376608 is handled. Duration 358 ms by bot id=8955137302
2026-09-26 17:11:00,694 - aiogram.event - INFO - Update id=650376609 is handled. Duration 375 ms by bot id=8955137302
2026-09-26 17:11:02,149 - aiogram.event - INFO - Update id=650376610 is handled. Duration 500 ms by bot id=8955137302
2026-09-26 17:11:03,887 - aiogram.event - INFO - Update id=650376611 is handled. Duration 516 ms by bot id=8955137302
2026-09-26 17:11:06,823 - aiogram.event - INFO - Update id=650376612 is handled. Duration 186 ms by bot id=8955137302
2026-09-26 17:11:09,306 - aiogram.event - INFO - Update id=650376613 is handled. Duration 217 ms by bot id=8955137302
2026-09-26 17:11:11,545 - __main__ - ERROR - Kutilmagan xatolik yuz berdi: Telegram server says - The group has been migrated to a supergroup with id -1003938360071 from -5457393168
Original description: Bad Request: group chat was upgraded to a supergroup chat
(background on this error at: https://core.telegram.org/bots/api#responseparameters)
Traceback (most recent call last):
  File "C:\Users\MSI\Desktop\Projects\Delivery-bot\venv\Lib\site-packages\aiogram\dispatcher\middlewares\error.py", line 27, in __call__
    return await handler(event, data)
           ^^^^^^^^^^^^^^^^^^^^^^^^^^
  File "C:\Users\MSI\Desktop\Projects\Delivery-bot\venv\Lib\site-packages\aiogram\dispatcher\middlewares\user_context.py", line 58, in __call__
    return await handler(event, data)
           ^^^^^^^^^^^^^^^^^^^^^^^^^^
  File "C:\Users\MSI\Desktop\Projects\Delivery-bot\venv\Lib\site-packages\aiogram\fsm\middleware.py", line 43, in __call__
    return await handler(event, data)
           ^^^^^^^^^^^^^^^^^^^^^^^^^^
  File "C:\Users\MSI\Desktop\Projects\Delivery-bot\venv\Lib\site-packages\aiogram\dispatcher\event\telegram.py", line 126, in trigger
    return await wrapped_inner(event, kwargs)
           ^^^^^^^^^^^^^^^^^^^^^^^^^^^^^^^^^^
  File "C:\Users\MSI\Desktop\Projects\Delivery-bot\venv\Lib\site-packages\aiogram\dispatcher\event\handler.py", line 71, in call
    return await wrapped()
           ^^^^^^^^^^^^^^^
  File "C:\Users\MSI\Desktop\Projects\Delivery-bot\venv\Lib\site-packages\aiogram\dispatcher\dispatcher.py", line 284, in _listen_update
    return await self.propagate_event(update_type=update_type, event=event, **kwargs)
           ^^^^^^^^^^^^^^^^^^^^^^^^^^^^^^^^^^^^^^^^^^^^^^^^^^^^^^^^^^^^^^^^^^^^^^^^^^
  File "C:\Users\MSI\Desktop\Projects\Delivery-bot\venv\Lib\site-packages\aiogram\dispatcher\router.py", line 172, in propagate_event
    return await observer.wrap_outer_middleware(_wrapped, event=event, data=kwargs)
           ^^^^^^^^^^^^^^^^^^^^^^^^^^^^^^^^^^^^^^^^^^^^^^^^^^^^^^^^^^^^^^^^^^^^^^^^
  File "C:\Users\MSI\Desktop\Projects\Delivery-bot\venv\Lib\site-packages\aiogram\dispatcher\router.py", line 164, in _wrapped
    return await self._propagate_event(
           ^^^^^^^^^^^^^^^^^^^^^^^^^^^^
  File "C:\Users\MSI\Desktop\Projects\Delivery-bot\venv\Lib\site-packages\aiogram\dispatcher\router.py", line 200, in _propagate_event
    response = await router.propagate_event(update_type=update_type, event=event, **kwargs)
               ^^^^^^^^^^^^^^^^^^^^^^^^^^^^^^^^^^^^^^^^^^^^^^^^^^^^^^^^^^^^^^^^^^^^^^^^^^^^
  File "C:\Users\MSI\Desktop\Projects\Delivery-bot\venv\Lib\site-packages\aiogram\dispatcher\router.py", line 172, in propagate_event
    return await observer.wrap_outer_middleware(_wrapped, event=event, data=kwargs)
           ^^^^^^^^^^^^^^^^^^^^^^^^^^^^^^^^^^^^^^^^^^^^^^^^^^^^^^^^^^^^^^^^^^^^^^^^
  File "C:\Users\MSI\Desktop\Projects\Delivery-bot\venv\Lib\site-packages\aiogram\dispatcher\router.py", line 164, in _wrapped
    return await self._propagate_event(
           ^^^^^^^^^^^^^^^^^^^^^^^^^^^^
  File "C:\Users\MSI\Desktop\Projects\Delivery-bot\venv\Lib\site-packages\aiogram\dispatcher\router.py", line 200, in _propagate_event
    response = await router.propagate_event(update_type=update_type, event=event, **kwargs)
               ^^^^^^^^^^^^^^^^^^^^^^^^^^^^^^^^^^^^^^^^^^^^^^^^^^^^^^^^^^^^^^^^^^^^^^^^^^^^
  File "C:\Users\MSI\Desktop\Projects\Delivery-bot\venv\Lib\site-packages\aiogram\dispatcher\router.py", line 172, in propagate_event
    return await observer.wrap_outer_middleware(_wrapped, event=event, data=kwargs)
           ^^^^^^^^^^^^^^^^^^^^^^^^^^^^^^^^^^^^^^^^^^^^^^^^^^^^^^^^^^^^^^^^^^^^^^^^
  File "C:\Users\MSI\Desktop\Projects\Delivery-bot\venv\Lib\site-packages\aiogram\dispatcher\router.py", line 164, in _wrapped
    return await self._propagate_event(
           ^^^^^^^^^^^^^^^^^^^^^^^^^^^^
  File "C:\Users\MSI\Desktop\Projects\Delivery-bot\venv\Lib\site-packages\aiogram\dispatcher\router.py", line 192, in _propagate_event
    response = await observer.trigger(event, **kwargs)
               ^^^^^^^^^^^^^^^^^^^^^^^^^^^^^^^^^^^^^^^
  File "C:\Users\MSI\Desktop\Projects\Delivery-bot\venv\Lib\site-packages\aiogram\dispatcher\event\telegram.py", line 126, in trigger
    return await wrapped_inner(event, kwargs)
           ^^^^^^^^^^^^^^^^^^^^^^^^^^^^^^^^^^
  File "C:\Users\MSI\Desktop\Projects\Delivery-bot\bot\middlewares\throttling.py", line 43, in __call__
    return await handler(event, data)
           ^^^^^^^^^^^^^^^^^^^^^^^^^^
  File "C:\Users\MSI\Desktop\Projects\Delivery-bot\venv\Lib\site-packages\aiogram\dispatcher\event\handler.py", line 71, in call
    return await wrapped()
           ^^^^^^^^^^^^^^^
  File "C:\Users\MSI\Desktop\Projects\Delivery-bot\bot\handlers\customer\checkout.py", line 140, in process_payment_method
    await finalize_order(callback.message, state, bot, callback.from_user)
  File "C:\Users\MSI\Desktop\Projects\Delivery-bot\bot\handlers\customer\checkout.py", line 289, in finalize_order
    restaurant_msg = await bot.send_message(
                     ^^^^^^^^^^^^^^^^^^^^^^^
  File "C:\Users\MSI\Desktop\Projects\Delivery-bot\venv\Lib\site-packages\aiogram\client\bot.py", line 3013, in send_message
    return await self(call, request_timeout=request_timeout)
           ^^^^^^^^^^^^^^^^^^^^^^^^^^^^^^^^^^^^^^^^^^^^^^^^^
  File "C:\Users\MSI\Desktop\Projects\Delivery-bot\venv\Lib\site-packages\aiogram\client\bot.py", line 515, in __call__
    return await self.session(self, method, timeout=request_timeout)
           ^^^^^^^^^^^^^^^^^^^^^^^^^^^^^^^^^^^^^^^^^^^^^^^^^^^^^^^^^
  File "C:\Users\MSI\Desktop\Projects\Delivery-bot\venv\Lib\site-packages\aiogram\client\session\base.py", line 259, in __call__
    return cast(TelegramType, await middleware(bot, method))
                              ^^^^^^^^^^^^^^^^^^^^^^^^^^^^^
  File "C:\Users\MSI\Desktop\Projects\Delivery-bot\venv\Lib\site-packages\aiogram\client\session\aiohttp.py", line 177, in make_request
    response = self.check_response(
               ^^^^^^^^^^^^^^^^^^^^
  File "C:\Users\MSI\Desktop\Projects\Delivery-bot\venv\Lib\site-packages\aiogram\client\session\base.py", line 115, in check_response
    raise TelegramMigrateToChat(
aiogram.exceptions.TelegramMigrateToChat: Telegram server says - The group has been migrated to a supergroup with id -1003938360071 from -5457393168
Original description: Bad Request: group chat was upgraded to a supergroup chat
(background on this error at: https://core.telegram.org/bots/api#responseparameters)
2026-09-26 17:11:11,672 - aiogram.event - INFO - Update id=650376614 is handled. Duration 391 ms by bot id=8955137302
2026-09-26 17:11:43,331 - aiogram.dispatcher - INFO - Polling stopped
2026-09-26 17:11:43,338 - aiogram.dispatcher - ERROR - Failed to fetch updates - TelegramNetworkError: HTTP Client says - ServerDisconnectedError: Server disconnected
2026-09-26 17:11:43,338 - aiogram.dispatcher - WARNING - Sleep for 1.000000 seconds and try again... (tryings = 0, bot id = 8955137302)
2026-09-26 17:11:43,605 - aiogram.dispatcher - INFO - Polling stopped for bot @menu_zar_ovqat_bot id=8955137302 - 'menu_zar_ovqatbot'
2026-09-26 17:14:12,773 - __main__ - INFO - Bot muvaffaqiyatli ishga tushdi va handlerlar ulandi...
2026-09-26 17:14:12,773 - aiogram.dispatcher - INFO - Start polling
2026-09-26 17:14:13,477 - aiogram.dispatcher - INFO - Run polling for bot @menu_zar_ovqat_bot id=8955137302 - 'menu_zar_ovqatbot'
2026-09-26 17:15:42,822 - aiogram.event - INFO - Update id=650376615 is handled. Duration 608 ms by bot id=8955137302
2026-09-26 17:15:43,914 - aiogram.event - INFO - Update id=650376616 is handled. Duration 188 ms by bot id=8955137302
2026-09-26 17:15:46,024 - aiogram.event - INFO - Update id=650376617 is handled. Duration 1094 ms by bot id=8955137302
2026-09-26 17:15:57,060 - aiogram.event - INFO - Update id=650376618 is handled. Duration 5389 ms by bot id=8955137302
2026-09-26 17:15:58,355 - aiogram.event - INFO - Update id=650376619 is handled. Duration 358 ms by bot id=8955137302
2026-09-26 17:16:00,144 - aiogram.event - INFO - Update id=650376620 is handled. Duration 391 ms by bot id=8955137302
2026-09-26 17:16:01,381 - aiogram.event - INFO - Update id=650376621 is handled. Duration 468 ms by bot id=8955137302
2026-09-26 17:16:02,980 - aiogram.event - INFO - Update id=650376622 is handled. Duration 515 ms by bot id=8955137302
2026-09-26 17:16:06,808 - aiogram.event - INFO - Update id=650376623 is handled. Duration 186 ms by bot id=8955137302
2026-09-26 17:16:09,754 - aiogram.event - INFO - Update id=650376624 is handled. Duration 188 ms by bot id=8955137302
2026-09-26 17:16:11,347 - __main__ - ERROR - Kutilmagan xatolik yuz berdi: Telegram server says - The group has been migrated to a supergroup with id -1003938360071 from -5457393168
Original description: Bad Request: group chat was upgraded to a supergroup chat
(background on this error at: https://core.telegram.org/bots/api#responseparameters)
Traceback (most recent call last):
  File "C:\Users\MSI\Desktop\Projects\Delivery-bot\venv\Lib\site-packages\aiogram\dispatcher\middlewares\error.py", line 27, in __call__
    return await handler(event, data)
           ^^^^^^^^^^^^^^^^^^^^^^^^^^
  File "C:\Users\MSI\Desktop\Projects\Delivery-bot\venv\Lib\site-packages\aiogram\dispatcher\middlewares\user_context.py", line 58, in __call__
    return await handler(event, data)
           ^^^^^^^^^^^^^^^^^^^^^^^^^^
  File "C:\Users\MSI\Desktop\Projects\Delivery-bot\venv\Lib\site-packages\aiogram\fsm\middleware.py", line 43, in __call__
    return await handler(event, data)
           ^^^^^^^^^^^^^^^^^^^^^^^^^^
  File "C:\Users\MSI\Desktop\Projects\Delivery-bot\venv\Lib\site-packages\aiogram\dispatcher\event\telegram.py", line 126, in trigger
    return await wrapped_inner(event, kwargs)
           ^^^^^^^^^^^^^^^^^^^^^^^^^^^^^^^^^^
  File "C:\Users\MSI\Desktop\Projects\Delivery-bot\venv\Lib\site-packages\aiogram\dispatcher\event\handler.py", line 71, in call
    return await wrapped()
           ^^^^^^^^^^^^^^^
  File "C:\Users\MSI\Desktop\Projects\Delivery-bot\venv\Lib\site-packages\aiogram\dispatcher\dispatcher.py", line 284, in _listen_update
    return await self.propagate_event(update_type=update_type, event=event, **kwargs)
           ^^^^^^^^^^^^^^^^^^^^^^^^^^^^^^^^^^^^^^^^^^^^^^^^^^^^^^^^^^^^^^^^^^^^^^^^^^
  File "C:\Users\MSI\Desktop\Projects\Delivery-bot\venv\Lib\site-packages\aiogram\dispatcher\router.py", line 172, in propagate_event
    return await observer.wrap_outer_middleware(_wrapped, event=event, data=kwargs)
           ^^^^^^^^^^^^^^^^^^^^^^^^^^^^^^^^^^^^^^^^^^^^^^^^^^^^^^^^^^^^^^^^^^^^^^^^
  File "C:\Users\MSI\Desktop\Projects\Delivery-bot\venv\Lib\site-packages\aiogram\dispatcher\router.py", line 164, in _wrapped
    return await self._propagate_event(
           ^^^^^^^^^^^^^^^^^^^^^^^^^^^^
  File "C:\Users\MSI\Desktop\Projects\Delivery-bot\venv\Lib\site-packages\aiogram\dispatcher\router.py", line 200, in _propagate_event
    response = await router.propagate_event(update_type=update_type, event=event, **kwargs)
               ^^^^^^^^^^^^^^^^^^^^^^^^^^^^^^^^^^^^^^^^^^^^^^^^^^^^^^^^^^^^^^^^^^^^^^^^^^^^
  File "C:\Users\MSI\Desktop\Projects\Delivery-bot\venv\Lib\site-packages\aiogram\dispatcher\router.py", line 172, in propagate_event
    return await observer.wrap_outer_middleware(_wrapped, event=event, data=kwargs)
           ^^^^^^^^^^^^^^^^^^^^^^^^^^^^^^^^^^^^^^^^^^^^^^^^^^^^^^^^^^^^^^^^^^^^^^^^
  File "C:\Users\MSI\Desktop\Projects\Delivery-bot\venv\Lib\site-packages\aiogram\dispatcher\router.py", line 164, in _wrapped
    return await self._propagate_event(
           ^^^^^^^^^^^^^^^^^^^^^^^^^^^^
  File "C:\Users\MSI\Desktop\Projects\Delivery-bot\venv\Lib\site-packages\aiogram\dispatcher\router.py", line 200, in _propagate_event
    response = await router.propagate_event(update_type=update_type, event=event, **kwargs)
               ^^^^^^^^^^^^^^^^^^^^^^^^^^^^^^^^^^^^^^^^^^^^^^^^^^^^^^^^^^^^^^^^^^^^^^^^^^^^
  File "C:\Users\MSI\Desktop\Projects\Delivery-bot\venv\Lib\site-packages\aiogram\dispatcher\router.py", line 172, in propagate_event
    return await observer.wrap_outer_middleware(_wrapped, event=event, data=kwargs)
           ^^^^^^^^^^^^^^^^^^^^^^^^^^^^^^^^^^^^^^^^^^^^^^^^^^^^^^^^^^^^^^^^^^^^^^^^
  File "C:\Users\MSI\Desktop\Projects\Delivery-bot\venv\Lib\site-packages\aiogram\dispatcher\router.py", line 164, in _wrapped
    return await self._propagate_event(
           ^^^^^^^^^^^^^^^^^^^^^^^^^^^^
  File "C:\Users\MSI\Desktop\Projects\Delivery-bot\venv\Lib\site-packages\aiogram\dispatcher\router.py", line 192, in _propagate_event
    response = await observer.trigger(event, **kwargs)
               ^^^^^^^^^^^^^^^^^^^^^^^^^^^^^^^^^^^^^^^
  File "C:\Users\MSI\Desktop\Projects\Delivery-bot\venv\Lib\site-packages\aiogram\dispatcher\event\telegram.py", line 126, in trigger
    return await wrapped_inner(event, kwargs)
           ^^^^^^^^^^^^^^^^^^^^^^^^^^^^^^^^^^
  File "C:\Users\MSI\Desktop\Projects\Delivery-bot\bot\middlewares\throttling.py", line 43, in __call__
    return await handler(event, data)
           ^^^^^^^^^^^^^^^^^^^^^^^^^^
  File "C:\Users\MSI\Desktop\Projects\Delivery-bot\venv\Lib\site-packages\aiogram\dispatcher\event\handler.py", line 71, in call
    return await wrapped()
           ^^^^^^^^^^^^^^^
  File "C:\Users\MSI\Desktop\Projects\Delivery-bot\bot\handlers\customer\checkout.py", line 140, in process_payment_method
    await finalize_order(callback.message, state, bot, callback.from_user)
  File "C:\Users\MSI\Desktop\Projects\Delivery-bot\bot\handlers\customer\checkout.py", line 289, in finalize_order
    restaurant_msg = await bot.send_message(
                     ^^^^^^^^^^^^^^^^^^^^^^^
  File "C:\Users\MSI\Desktop\Projects\Delivery-bot\venv\Lib\site-packages\aiogram\client\bot.py", line 3013, in send_message
    return await self(call, request_timeout=request_timeout)
           ^^^^^^^^^^^^^^^^^^^^^^^^^^^^^^^^^^^^^^^^^^^^^^^^^
  File "C:\Users\MSI\Desktop\Projects\Delivery-bot\venv\Lib\site-packages\aiogram\client\bot.py", line 515, in __call__
    return await self.session(self, method, timeout=request_timeout)
           ^^^^^^^^^^^^^^^^^^^^^^^^^^^^^^^^^^^^^^^^^^^^^^^^^^^^^^^^^
  File "C:\Users\MSI\Desktop\Projects\Delivery-bot\venv\Lib\site-packages\aiogram\client\session\base.py", line 259, in __call__
    return cast(TelegramType, await middleware(bot, method))
                              ^^^^^^^^^^^^^^^^^^^^^^^^^^^^^
  File "C:\Users\MSI\Desktop\Projects\Delivery-bot\venv\Lib\site-packages\aiogram\client\session\aiohttp.py", line 177, in make_request
    response = self.check_response(
               ^^^^^^^^^^^^^^^^^^^^
  File "C:\Users\MSI\Desktop\Projects\Delivery-bot\venv\Lib\site-packages\aiogram\client\session\base.py", line 115, in check_response
    raise TelegramMigrateToChat(
aiogram.exceptions.TelegramMigrateToChat: Telegram server says - The group has been migrated to a supergroup with id -1003938360071 from -5457393168
Original description: Bad Request: group chat was upgraded to a supergroup chat
(background on this error at: https://core.telegram.org/bots/api#responseparameters)
2026-09-26 17:16:11,354 - aiogram.event - INFO - Update id=650376625 is handled. Duration 186 ms by bot id=8955137302
2026-09-26 17:16:43,906 - aiogram.event - INFO - Update id=650376626 is not handled. Duration 0 ms by bot id=8955137302
2026-09-26 17:17:16,272 - aiogram.dispatcher - INFO - Polling stopped
2026-09-26 17:17:16,272 - aiogram.dispatcher - ERROR - Failed to fetch updates - TelegramNetworkError: HTTP Client says - ServerDisconnectedError: Server disconnected
2026-09-26 17:17:16,272 - aiogram.dispatcher - WARNING - Sleep for 1.000000 seconds and try again... (tryings = 0, bot id = 8955137302)
2026-09-26 17:17:16,529 - aiogram.dispatcher - INFO - Polling stopped for bot @menu_zar_ovqat_bot id=8955137302 - 'menu_zar_ovqatbot'
2026-09-26 17:17:23,989 - __main__ - INFO - Bot muvaffaqiyatli ishga tushdi va handlerlar ulandi...
2026-09-26 17:17:23,990 - aiogram.dispatcher - INFO - Start polling
2026-09-26 17:17:24,562 - aiogram.dispatcher - INFO - Run polling for bot @menu_zar_ovqat_bot id=8955137302 - 'menu_zar_ovqatbot'
2026-09-26 17:19:24,237 - aiogram.event - INFO - Update id=650376627 is handled. Duration 577 ms by bot id=8955137302
2026-09-26 17:19:25,310 - aiogram.event - INFO - Update id=650376628 is handled. Duration 170 ms by bot id=8955137302
2026-09-26 17:19:27,485 - aiogram.event - INFO - Update id=650376629 is handled. Duration 952 ms by bot id=8955137302
2026-09-26 17:19:31,636 - aiogram.event - INFO - Update id=650376630 is handled. Duration 2500 ms by bot id=8955137302
2026-09-26 17:19:32,685 - aiogram.event - INFO - Update id=650376631 is handled. Duration 311 ms by bot id=8955137302
2026-09-26 17:19:34,088 - aiogram.event - INFO - Update id=650376632 is handled. Duration 343 ms by bot id=8955137302
2026-09-26 17:19:35,566 - aiogram.event - INFO - Update id=650376633 is handled. Duration 405 ms by bot id=8955137302
2026-09-26 17:19:37,241 - aiogram.event - INFO - Update id=650376634 is handled. Duration 688 ms by bot id=8955137302
2026-09-26 17:19:40,589 - aiogram.event - INFO - Update id=650376635 is handled. Duration 234 ms by bot id=8955137302
2026-09-26 17:19:44,759 - aiogram.event - INFO - Update id=650376636 is handled. Duration 188 ms by bot id=8955137302
2026-09-26 17:19:46,957 - aiogram.event - INFO - Update id=650376637 is handled. Duration 718 ms by bot id=8955137302
2026-09-26 17:20:01,064 - aiogram.event - INFO - Update id=650376638 is handled. Duration 514 ms by bot id=8955137302
2026-09-26 17:20:15,275 - aiogram.event - INFO - Update id=650376639 is handled. Duration 437 ms by bot id=8955137302
2026-09-26 17:20:27,442 - aiogram.event - INFO - Update id=650376640 is handled. Duration 561 ms by bot id=8955137302
2026-09-26 17:20:28,899 - aiogram.event - INFO - Update id=650376641 is handled. Duration 547 ms by bot id=8955137302
2026-09-26 17:20:32,257 - aiogram.event - INFO - Update id=650376642 is handled. Duration 641 ms by bot id=8955137302
2026-09-26 17:20:33,487 - aiogram.event - INFO - Update id=650376643 is handled. Duration 686 ms by bot id=8955137302
2026-09-26 17:21:52,712 - aiogram.dispatcher - INFO - Polling stopped
2026-09-26 17:21:52,713 - aiogram.dispatcher - ERROR - Failed to fetch updates - TelegramNetworkError: HTTP Client says - ServerDisconnectedError: Server disconnected
2026-09-26 17:21:52,714 - aiogram.dispatcher - WARNING - Sleep for 1.000000 seconds and try again... (tryings = 0, bot id = 8955137302)
2026-09-26 17:21:52,971 - aiogram.dispatcher - INFO - Polling stopped for bot @menu_zar_ovqat_bot id=8955137302 - 'menu_zar_ovqatbot'
